# LeakTracer report diff_utc_mono=1472615155.888050
leak, time=13972.479638, stack=0x7fbca6bf4f00 0x7fbca73884ea 0x7fbca73885fb 0x7fbca7378cfa, size=72704, data=..................................................
leak, time=13972.479693, stack=0x7fbca6eed7dc 0x400a60 0x7fbca67c2830 0x400909, size=100, data=hahahhahah........................................
leak, time=13972.479705, stack=0x7fbca680f185 0x7fbca681d4c4 0x7fbca681c828 0x7fbca681b1bd 0x7fbca68106fb, size=1024, data=ljhas 26 years old................................
